2026-02-08 01:13:19,327 - DBManager - INFO - Database initialized at angry_man.db
2026-02-08 01:13:19,331 - FateEngine - INFO - Resumed from DB at tick 2064
2026-02-08 01:13:19,331 - FateEngine - INFO - Fate Engine initialized with seed=1770509599, tick_rate=20 TPS
2026-02-08 01:13:19,331 - AngryManScenario - INFO - Fate Engine & gRPC Server running.
2026-02-08 01:13:19,334 - gRPC.Server - INFO - FateEngineServicer initialized
2026-02-08 01:13:19,334 - FateEngine - INFO - Starting Fate Engine at 20 TPS
2026-02-08 01:13:19,334 - FateEngine - INFO - === Tick [2064] ===
2026-02-08 01:13:19,339 - gRPC.Server - INFO - gRPC Server started on 0.0.0.0:50051
2026-02-08 01:13:19,385 - FateEngine - INFO - === Tick [2065] ===
2026-02-08 01:13:19,436 - FateEngine - INFO - === Tick [2066] ===
2026-02-08 01:13:19,487 - FateEngine - INFO - === Tick [2067] ===
2026-02-08 01:13:19,537 - FateEngine - INFO - === Tick [2068] ===
2026-02-08 01:13:19,588 - FateEngine - INFO - === Tick [2069] ===
2026-02-08 01:13:19,638 - FateEngine - INFO - === Tick [2070] ===
2026-02-08 01:13:19,689 - FateEngine - INFO - === Tick [2071] ===
2026-02-08 01:13:19,740 - FateEngine - INFO - === Tick [2072] ===
2026-02-08 01:13:19,791 - FateEngine - INFO - === Tick [2073] ===
2026-02-08 01:13:19,842 - FateEngine - INFO - === Tick [2074] ===
2026-02-08 01:13:19,893 - FateEngine - INFO - === Tick [2075] ===
2026-02-08 01:13:19,943 - FateEngine - INFO - === Tick [2076] ===
2026-02-08 01:13:19,994 - FateEngine - INFO - === Tick [2077] ===
2026-02-08 01:13:20,045 - FateEngine - INFO - === Tick [2078] ===
2026-02-08 01:13:20,095 - FateEngine - INFO - === Tick [2079] ===
2026-02-08 01:13:20,146 - FateEngine - INFO - === Tick [2080] ===
2026-02-08 01:13:20,197 - FateEngine - INFO - === Tick [2081] ===
2026-02-08 01:13:20,248 - FateEngine - INFO - === Tick [2082] ===
2026-02-08 01:13:20,298 - FateEngine - INFO - === Tick [2083] ===
2026-02-08 01:13:20,332 - BeliefManager - INFO - BeliefManager initialized for 6ea0f1ae-1358-4681-a0ea-9b61d5041d83
2026-02-08 01:13:20,332 - PerceptionPipeline - INFO - PerceptionPipeline initialized for agent 6ea0f1ae-1358-4681-a0ea-9b61d5041d83
2026-02-08 01:13:20,332 - AngryManScenario - INFO - Launched Brain for Arthur Miller (Juror 3)
2026-02-08 01:13:20,332 - BeliefManager - INFO - BeliefManager initialized for 50de99e3-7c57-4825-8002-352ade925bbf
2026-02-08 01:13:20,332 - PerceptionPipeline - INFO - PerceptionPipeline initialized for agent 50de99e3-7c57-4825-8002-352ade925bbf
2026-02-08 01:13:20,332 - AngryManScenario - INFO - Launched Brain for Davis (Juror 8)
2026-02-08 01:13:20,333 - AngryManScenario - INFO - Scenario running. Monitoring logs...
2026-02-08 01:13:20,333 - AgentBrain - INFO - AgentBrain for Arthur Miller (6ea0f1ae-1358-4681-a0ea-9b61d5041d83) starting...
2026-02-08 01:13:20,333 - AgentBrain - INFO - AgentBrain for Davis (50de99e3-7c57-4825-8002-352ade925bbf) starting...
2026-02-08 01:13:20,336 - gRPC.Client - INFO - Connected to Fate Engine at localhost:50051
2026-02-08 01:13:20,336 - gRPC.Client - INFO - Connected to Fate Engine at localhost:50051
2026-02-08 01:13:20,337 - FateEngine - INFO - Actor registered: Arthur Miller (6ea0f1ae-1358-4681-a0ea-9b61d5041d83)
2026-02-08 01:13:20,337 - FateEngine - INFO - Actor registered: Davis (50de99e3-7c57-4825-8002-352ade925bbf)
2026-02-08 01:13:20,337 - AgentBrain - INFO - Agent Arthur Miller registered in Fate Engine.
2026-02-08 01:13:20,337 - AgentBrain - INFO - Agent Davis registered in Fate Engine.
2026-02-08 01:13:20,338 - gRPC.Server - INFO - New tick stream subscriber connected (factor=1, queue_size=100, total: 1)
2026-02-08 01:13:20,338 - gRPC.Server - INFO - New tick stream subscriber connected (factor=1, queue_size=100, total: 2)
2026-02-08 01:13:20,349 - FateEngine - INFO - === Tick [2084] ===
2026-02-08 01:13:20,400 - FateEngine - INFO - === Tick [2085] ===
2026-02-08 01:13:20,451 - FateEngine - INFO - === Tick [2086] ===
2026-02-08 01:13:20,502 - FateEngine - INFO - === Tick [2087] ===
2026-02-08 01:13:20,553 - FateEngine - INFO - === Tick [2088] ===
2026-02-08 01:13:20,560 - gRPC.Server - INFO - Tick stream subscriber disconnected (remaining: 1)
2026-02-08 01:13:20,560 - gRPC.Server - INFO - Tick stream subscriber disconnected (remaining: 0)
2026-02-08 01:13:20,604 - FateEngine - INFO - === Tick [2089] ===
2026-02-08 01:13:20,655 - FateEngine - INFO - === Tick [2090] ===
2026-02-08 01:13:20,706 - FateEngine - INFO - === Tick [2091] ===
2026-02-08 01:13:20,757 - FateEngine - INFO - === Tick [2092] ===
2026-02-08 01:13:20,807 - FateEngine - INFO - === Tick [2093] ===
2026-02-08 01:13:20,859 - FateEngine - INFO - === Tick [2094] ===
2026-02-08 01:13:20,910 - FateEngine - INFO - === Tick [2095] ===
2026-02-08 01:13:20,961 - FateEngine - INFO - === Tick [2096] ===
2026-02-08 01:13:21,012 - FateEngine - INFO - === Tick [2097] ===
2026-02-08 01:13:21,063 - FateEngine - INFO - === Tick [2098] ===
2026-02-08 01:13:21,113 - FateEngine - INFO - === Tick [2099] ===
2026-02-08 01:13:21,164 - FateEngine - INFO - === Tick [2100] ===
2026-02-08 01:13:21,215 - FateEngine - INFO - === Tick [2101] ===
2026-02-08 01:13:21,265 - FateEngine - INFO - === Tick [2102] ===
2026-02-08 01:13:21,316 - FateEngine - INFO - === Tick [2103] ===
2026-02-08 01:13:21,366 - FateEngine - INFO - === Tick [2104] ===
2026-02-08 01:13:21,417 - FateEngine - INFO - === Tick [2105] ===
2026-02-08 01:13:21,469 - FateEngine - INFO - === Tick [2106] ===
2026-02-08 01:13:21,520 - FateEngine - INFO - === Tick [2107] ===
2026-02-08 01:13:21,571 - FateEngine - INFO - === Tick [2108] ===
2026-02-08 01:13:21,622 - FateEngine - INFO - === Tick [2109] ===
2026-02-08 01:13:21,672 - FateEngine - INFO - === Tick [2110] ===
2026-02-08 01:13:21,723 - FateEngine - INFO - === Tick [2111] ===
2026-02-08 01:13:21,774 - FateEngine - INFO - === Tick [2112] ===
2026-02-08 01:13:21,825 - FateEngine - INFO - === Tick [2113] ===
2026-02-08 01:13:21,875 - FateEngine - INFO - === Tick [2114] ===
2026-02-08 01:13:21,926 - FateEngine - INFO - === Tick [2115] ===
2026-02-08 01:13:21,978 - FateEngine - INFO - === Tick [2116] ===
2026-02-08 01:13:22,029 - FateEngine - INFO - === Tick [2117] ===
2026-02-08 01:13:22,080 - FateEngine - INFO - === Tick [2118] ===
2026-02-08 01:13:22,131 - FateEngine - INFO - === Tick [2119] ===
2026-02-08 01:13:22,182 - FateEngine - INFO - === Tick [2120] ===
2026-02-08 01:13:22,233 - FateEngine - INFO - === Tick [2121] ===
2026-02-08 01:13:22,285 - FateEngine - INFO - === Tick [2122] ===
2026-02-08 01:13:22,336 - FateEngine - INFO - === Tick [2123] ===
2026-02-08 01:13:22,387 - FateEngine - INFO - === Tick [2124] ===
2026-02-08 01:13:22,438 - FateEngine - INFO - === Tick [2125] ===
2026-02-08 01:13:22,488 - FateEngine - INFO - === Tick [2126] ===
2026-02-08 01:13:22,539 - FateEngine - INFO - === Tick [2127] ===
2026-02-08 01:13:22,590 - FateEngine - INFO - === Tick [2128] ===
2026-02-08 01:13:22,641 - FateEngine - INFO - === Tick [2129] ===
2026-02-08 01:13:22,692 - FateEngine - INFO - === Tick [2130] ===
2026-02-08 01:13:22,743 - FateEngine - INFO - === Tick [2131] ===
2026-02-08 01:13:22,794 - FateEngine - INFO - === Tick [2132] ===
2026-02-08 01:13:22,845 - FateEngine - INFO - === Tick [2133] ===
2026-02-08 01:13:22,896 - FateEngine - INFO - === Tick [2134] ===
2026-02-08 01:13:22,947 - FateEngine - INFO - === Tick [2135] ===
2026-02-08 01:13:22,998 - FateEngine - INFO - === Tick [2136] ===
2026-02-08 01:13:23,049 - FateEngine - INFO - === Tick [2137] ===
2026-02-08 01:13:23,099 - FateEngine - INFO - === Tick [2138] ===
2026-02-08 01:13:23,150 - FateEngine - INFO - === Tick [2139] ===
2026-02-08 01:13:23,201 - FateEngine - INFO - === Tick [2140] ===
2026-02-08 01:13:23,251 - FateEngine - INFO - === Tick [2141] ===
2026-02-08 01:13:23,302 - FateEngine - INFO - === Tick [2142] ===
2026-02-08 01:13:23,353 - FateEngine - INFO - === Tick [2143] ===
2026-02-08 01:13:23,404 - FateEngine - INFO - === Tick [2144] ===
2026-02-08 01:13:23,455 - FateEngine - INFO - === Tick [2145] ===
2026-02-08 01:13:23,506 - FateEngine - INFO - === Tick [2146] ===
2026-02-08 01:13:23,557 - FateEngine - INFO - === Tick [2147] ===
2026-02-08 01:13:23,608 - FateEngine - INFO - === Tick [2148] ===
2026-02-08 01:13:23,658 - FateEngine - INFO - === Tick [2149] ===
2026-02-08 01:13:23,709 - FateEngine - INFO - === Tick [2150] ===
2026-02-08 01:13:23,761 - FateEngine - INFO - === Tick [2151] ===
2026-02-08 01:13:23,811 - FateEngine - INFO - === Tick [2152] ===
2026-02-08 01:13:23,862 - FateEngine - INFO - === Tick [2153] ===
2026-02-08 01:13:23,913 - FateEngine - INFO - === Tick [2154] ===
2026-02-08 01:13:23,963 - FateEngine - INFO - === Tick [2155] ===
2026-02-08 01:13:24,014 - FateEngine - INFO - === Tick [2156] ===
2026-02-08 01:13:24,065 - FateEngine - INFO - === Tick [2157] ===
2026-02-08 01:13:24,115 - FateEngine - INFO - === Tick [2158] ===
2026-02-08 01:13:24,166 - FateEngine - INFO - === Tick [2159] ===
2026-02-08 01:13:24,217 - FateEngine - INFO - === Tick [2160] ===
2026-02-08 01:13:24,267 - FateEngine - INFO - === Tick [2161] ===
2026-02-08 01:13:24,318 - FateEngine - INFO - === Tick [2162] ===
2026-02-08 01:13:24,369 - FateEngine - INFO - === Tick [2163] ===
2026-02-08 01:13:24,420 - FateEngine - INFO - === Tick [2164] ===
2026-02-08 01:13:24,471 - FateEngine - INFO - === Tick [2165] ===
2026-02-08 01:13:24,521 - FateEngine - INFO - === Tick [2166] ===
2026-02-08 01:13:24,571 - FateEngine - INFO - === Tick [2167] ===
2026-02-08 01:13:24,622 - FateEngine - INFO - === Tick [2168] ===
2026-02-08 01:13:24,673 - FateEngine - INFO - === Tick [2169] ===
2026-02-08 01:13:24,723 - FateEngine - INFO - === Tick [2170] ===
2026-02-08 01:13:24,774 - FateEngine - INFO - === Tick [2171] ===
2026-02-08 01:13:24,824 - FateEngine - INFO - === Tick [2172] ===
2026-02-08 01:13:24,876 - FateEngine - INFO - === Tick [2173] ===
2026-02-08 01:13:24,927 - FateEngine - INFO - === Tick [2174] ===
2026-02-08 01:13:24,978 - FateEngine - INFO - === Tick [2175] ===
2026-02-08 01:13:25,028 - FateEngine - INFO - === Tick [2176] ===
2026-02-08 01:13:25,080 - FateEngine - INFO - === Tick [2177] ===
2026-02-08 01:13:25,131 - FateEngine - INFO - === Tick [2178] ===
2026-02-08 01:13:25,182 - FateEngine - INFO - === Tick [2179] ===
2026-02-08 01:13:25,232 - FateEngine - INFO - === Tick [2180] ===
2026-02-08 01:13:25,283 - FateEngine - INFO - === Tick [2181] ===
2026-02-08 01:13:25,334 - FateEngine - INFO - === Tick [2182] ===
2026-02-08 01:13:25,385 - FateEngine - INFO - === Tick [2183] ===
2026-02-08 01:13:25,435 - FateEngine - INFO - === Tick [2184] ===
2026-02-08 01:13:25,485 - FateEngine - INFO - === Tick [2185] ===
2026-02-08 01:13:25,536 - FateEngine - INFO - === Tick [2186] ===
2026-02-08 01:13:25,586 - FateEngine - INFO - === Tick [2187] ===
2026-02-08 01:13:25,637 - FateEngine - INFO - === Tick [2188] ===
2026-02-08 01:13:25,688 - FateEngine - INFO - === Tick [2189] ===
2026-02-08 01:13:25,739 - FateEngine - INFO - === Tick [2190] ===
2026-02-08 01:13:25,790 - FateEngine - INFO - === Tick [2191] ===
2026-02-08 01:13:25,841 - FateEngine - INFO - === Tick [2192] ===
2026-02-08 01:13:25,892 - FateEngine - INFO - === Tick [2193] ===
2026-02-08 01:13:25,943 - FateEngine - INFO - === Tick [2194] ===
2026-02-08 01:13:25,994 - FateEngine - INFO - === Tick [2195] ===
2026-02-08 01:13:26,045 - FateEngine - INFO - === Tick [2196] ===
2026-02-08 01:13:26,095 - FateEngine - INFO - === Tick [2197] ===
2026-02-08 01:13:26,146 - FateEngine - INFO - === Tick [2198] ===
2026-02-08 01:13:26,197 - FateEngine - INFO - === Tick [2199] ===
2026-02-08 01:13:26,248 - FateEngine - INFO - === Tick [2200] ===
2026-02-08 01:13:26,299 - FateEngine - INFO - === Tick [2201] ===
2026-02-08 01:13:26,350 - FateEngine - INFO - === Tick [2202] ===
2026-02-08 01:13:26,400 - FateEngine - INFO - === Tick [2203] ===
2026-02-08 01:13:26,451 - FateEngine - INFO - === Tick [2204] ===
2026-02-08 01:13:26,502 - FateEngine - INFO - === Tick [2205] ===
2026-02-08 01:13:26,553 - FateEngine - INFO - === Tick [2206] ===
2026-02-08 01:13:26,604 - FateEngine - INFO - === Tick [2207] ===
2026-02-08 01:13:26,654 - FateEngine - INFO - === Tick [2208] ===
2026-02-08 01:13:26,705 - FateEngine - INFO - === Tick [2209] ===
2026-02-08 01:13:26,756 - FateEngine - INFO - === Tick [2210] ===
2026-02-08 01:13:26,807 - FateEngine - INFO - === Tick [2211] ===
2026-02-08 01:13:26,857 - FateEngine - INFO - === Tick [2212] ===
2026-02-08 01:13:26,908 - FateEngine - INFO - === Tick [2213] ===
2026-02-08 01:13:26,959 - FateEngine - INFO - === Tick [2214] ===
2026-02-08 01:13:27,010 - FateEngine - INFO - === Tick [2215] ===
2026-02-08 01:13:27,061 - FateEngine - INFO - === Tick [2216] ===
2026-02-08 01:13:27,112 - FateEngine - INFO - === Tick [2217] ===
2026-02-08 01:13:27,162 - FateEngine - INFO - === Tick [2218] ===
2026-02-08 01:13:27,213 - FateEngine - INFO - === Tick [2219] ===
2026-02-08 01:13:27,264 - FateEngine - INFO - === Tick [2220] ===
2026-02-08 01:13:27,315 - FateEngine - INFO - === Tick [2221] ===
2026-02-08 01:13:27,366 - FateEngine - INFO - === Tick [2222] ===
2026-02-08 01:13:27,417 - FateEngine - INFO - === Tick [2223] ===
2026-02-08 01:13:27,468 - FateEngine - INFO - === Tick [2224] ===
2026-02-08 01:13:27,519 - FateEngine - INFO - === Tick [2225] ===
2026-02-08 01:13:27,570 - FateEngine - INFO - === Tick [2226] ===
2026-02-08 01:13:27,620 - FateEngine - INFO - === Tick [2227] ===
2026-02-08 01:13:27,671 - FateEngine - INFO - === Tick [2228] ===
2026-02-08 01:13:27,722 - FateEngine - INFO - === Tick [2229] ===
2026-02-08 01:13:27,773 - FateEngine - INFO - === Tick [2230] ===
2026-02-08 01:13:27,823 - FateEngine - INFO - === Tick [2231] ===
2026-02-08 01:13:27,874 - FateEngine - INFO - === Tick [2232] ===
2026-02-08 01:13:27,925 - FateEngine - INFO - === Tick [2233] ===
2026-02-08 01:13:27,975 - FateEngine - INFO - === Tick [2234] ===
2026-02-08 01:13:28,028 - FateEngine - INFO - === Tick [2235] ===
2026-02-08 01:13:28,079 - FateEngine - INFO - === Tick [2236] ===
2026-02-08 01:13:28,130 - FateEngine - INFO - === Tick [2237] ===
2026-02-08 01:13:28,181 - FateEngine - INFO - === Tick [2238] ===
2026-02-08 01:13:28,232 - FateEngine - INFO - === Tick [2239] ===
2026-02-08 01:13:28,283 - FateEngine - INFO - === Tick [2240] ===
2026-02-08 01:13:28,334 - FateEngine - INFO - === Tick [2241] ===
2026-02-08 01:13:28,385 - FateEngine - INFO - === Tick [2242] ===
2026-02-08 01:13:28,435 - FateEngine - INFO - === Tick [2243] ===
2026-02-08 01:13:28,486 - FateEngine - INFO - === Tick [2244] ===
2026-02-08 01:13:28,538 - FateEngine - INFO - === Tick [2245] ===
2026-02-08 01:13:28,588 - FateEngine - INFO - === Tick [2246] ===
2026-02-08 01:13:28,639 - FateEngine - INFO - === Tick [2247] ===
2026-02-08 01:13:28,690 - FateEngine - INFO - === Tick [2248] ===
2026-02-08 01:13:28,741 - FateEngine - INFO - === Tick [2249] ===
2026-02-08 01:13:28,792 - FateEngine - INFO - === Tick [2250] ===
2026-02-08 01:13:28,843 - FateEngine - INFO - === Tick [2251] ===
2026-02-08 01:13:28,894 - FateEngine - INFO - === Tick [2252] ===
2026-02-08 01:13:28,944 - FateEngine - INFO - === Tick [2253] ===
2026-02-08 01:13:28,995 - FateEngine - INFO - === Tick [2254] ===
2026-02-08 01:13:29,046 - FateEngine - INFO - === Tick [2255] ===
2026-02-08 01:13:29,097 - FateEngine - INFO - === Tick [2256] ===
2026-02-08 01:13:29,148 - FateEngine - INFO - === Tick [2257] ===
2026-02-08 01:13:29,199 - FateEngine - INFO - === Tick [2258] ===
2026-02-08 01:13:29,250 - FateEngine - INFO - === Tick [2259] ===
2026-02-08 01:13:29,300 - FateEngine - INFO - === Tick [2260] ===
2026-02-08 01:13:29,351 - FateEngine - INFO - === Tick [2261] ===
2026-02-08 01:13:29,402 - FateEngine - INFO - === Tick [2262] ===
2026-02-08 01:13:29,453 - FateEngine - INFO - === Tick [2263] ===
2026-02-08 01:13:29,504 - FateEngine - INFO - === Tick [2264] ===
2026-02-08 01:13:29,555 - FateEngine - INFO - === Tick [2265] ===
2026-02-08 01:13:29,605 - FateEngine - INFO - === Tick [2266] ===
2026-02-08 01:13:29,656 - FateEngine - INFO - === Tick [2267] ===
2026-02-08 01:13:29,707 - FateEngine - INFO - === Tick [2268] ===
2026-02-08 01:13:29,758 - FateEngine - INFO - === Tick [2269] ===
2026-02-08 01:13:29,809 - FateEngine - INFO - === Tick [2270] ===
2026-02-08 01:13:29,860 - FateEngine - INFO - === Tick [2271] ===
2026-02-08 01:13:29,911 - FateEngine - INFO - === Tick [2272] ===
2026-02-08 01:13:29,962 - FateEngine - INFO - === Tick [2273] ===
2026-02-08 01:13:30,013 - FateEngine - INFO - === Tick [2274] ===
2026-02-08 01:13:30,064 - FateEngine - INFO - === Tick [2275] ===
2026-02-08 01:13:30,115 - FateEngine - INFO - === Tick [2276] ===
2026-02-08 01:13:30,166 - FateEngine - INFO - === Tick [2277] ===
2026-02-08 01:13:30,217 - FateEngine - INFO - === Tick [2278] ===
2026-02-08 01:13:30,268 - FateEngine - INFO - === Tick [2279] ===
2026-02-08 01:13:30,319 - FateEngine - INFO - === Tick [2280] ===
2026-02-08 01:13:30,369 - FateEngine - INFO - === Tick [2281] ===
2026-02-08 01:13:30,421 - FateEngine - INFO - === Tick [2282] ===
2026-02-08 01:13:30,471 - FateEngine - INFO - === Tick [2283] ===
2026-02-08 01:13:30,522 - FateEngine - INFO - === Tick [2284] ===
2026-02-08 01:13:30,573 - FateEngine - INFO - === Tick [2285] ===
2026-02-08 01:13:30,624 - FateEngine - INFO - === Tick [2286] ===
2026-02-08 01:13:30,675 - FateEngine - INFO - === Tick [2287] ===
2026-02-08 01:13:30,726 - FateEngine - INFO - === Tick [2288] ===
2026-02-08 01:13:30,777 - FateEngine - INFO - === Tick [2289] ===
2026-02-08 01:13:30,828 - FateEngine - INFO - === Tick [2290] ===
2026-02-08 01:13:30,879 - FateEngine - INFO - === Tick [2291] ===
2026-02-08 01:13:30,930 - FateEngine - INFO - === Tick [2292] ===
2026-02-08 01:13:30,980 - FateEngine - INFO - === Tick [2293] ===
2026-02-08 01:13:31,032 - FateEngine - INFO - === Tick [2294] ===
2026-02-08 01:13:31,082 - FateEngine - INFO - === Tick [2295] ===
2026-02-08 01:13:31,133 - FateEngine - INFO - === Tick [2296] ===
2026-02-08 01:13:31,184 - FateEngine - INFO - === Tick [2297] ===
2026-02-08 01:13:31,235 - FateEngine - INFO - === Tick [2298] ===
2026-02-08 01:13:31,286 - FateEngine - INFO - === Tick [2299] ===
2026-02-08 01:13:31,337 - FateEngine - INFO - === Tick [2300] ===
2026-02-08 01:13:31,388 - FateEngine - INFO - === Tick [2301] ===
2026-02-08 01:13:31,439 - FateEngine - INFO - === Tick [2302] ===
2026-02-08 01:13:31,490 - FateEngine - INFO - === Tick [2303] ===
2026-02-08 01:13:31,541 - FateEngine - INFO - === Tick [2304] ===
2026-02-08 01:13:31,591 - FateEngine - INFO - === Tick [2305] ===
2026-02-08 01:13:31,642 - FateEngine - INFO - === Tick [2306] ===
2026-02-08 01:13:31,693 - FateEngine - INFO - === Tick [2307] ===
2026-02-08 01:13:31,744 - FateEngine - INFO - === Tick [2308] ===
2026-02-08 01:13:31,795 - FateEngine - INFO - === Tick [2309] ===
2026-02-08 01:13:31,846 - FateEngine - INFO - === Tick [2310] ===
2026-02-08 01:13:31,897 - FateEngine - INFO - === Tick [2311] ===
2026-02-08 01:13:31,948 - FateEngine - INFO - === Tick [2312] ===
2026-02-08 01:13:31,999 - FateEngine - INFO - === Tick [2313] ===
2026-02-08 01:13:32,050 - FateEngine - INFO - === Tick [2314] ===
2026-02-08 01:13:32,101 - FateEngine - INFO - === Tick [2315] ===
2026-02-08 01:13:32,151 - FateEngine - INFO - === Tick [2316] ===
2026-02-08 01:13:32,202 - FateEngine - INFO - === Tick [2317] ===
2026-02-08 01:13:32,253 - FateEngine - INFO - === Tick [2318] ===
2026-02-08 01:13:32,304 - FateEngine - INFO - === Tick [2319] ===
2026-02-08 01:13:32,355 - FateEngine - INFO - === Tick [2320] ===
2026-02-08 01:13:32,405 - FateEngine - INFO - === Tick [2321] ===
2026-02-08 01:13:32,456 - FateEngine - INFO - === Tick [2322] ===
2026-02-08 01:13:32,508 - FateEngine - INFO - === Tick [2323] ===
2026-02-08 01:13:32,559 - FateEngine - INFO - === Tick [2324] ===
2026-02-08 01:13:32,610 - FateEngine - INFO - === Tick [2325] ===
2026-02-08 01:13:32,661 - FateEngine - INFO - === Tick [2326] ===
2026-02-08 01:13:32,711 - FateEngine - INFO - === Tick [2327] ===
2026-02-08 01:13:32,762 - FateEngine - INFO - === Tick [2328] ===
2026-02-08 01:13:32,814 - FateEngine - INFO - === Tick [2329] ===
2026-02-08 01:13:32,865 - FateEngine - INFO - === Tick [2330] ===
2026-02-08 01:13:32,916 - FateEngine - INFO - === Tick [2331] ===
2026-02-08 01:13:32,967 - FateEngine - INFO - === Tick [2332] ===
2026-02-08 01:13:33,018 - FateEngine - INFO - === Tick [2333] ===
2026-02-08 01:13:33,070 - FateEngine - INFO - === Tick [2334] ===
2026-02-08 01:13:33,121 - FateEngine - INFO - === Tick [2335] ===
2026-02-08 01:13:33,172 - FateEngine - INFO - === Tick [2336] ===
2026-02-08 01:13:33,222 - FateEngine - INFO - === Tick [2337] ===
2026-02-08 01:13:33,274 - FateEngine - INFO - === Tick [2338] ===
2026-02-08 01:13:33,325 - FateEngine - INFO - === Tick [2339] ===
2026-02-08 01:13:33,376 - FateEngine - INFO - === Tick [2340] ===
2026-02-08 01:13:33,427 - FateEngine - INFO - === Tick [2341] ===
2026-02-08 01:13:33,477 - FateEngine - INFO - === Tick [2342] ===
2026-02-08 01:13:33,529 - FateEngine - INFO - === Tick [2343] ===
2026-02-08 01:13:33,579 - FateEngine - INFO - === Tick [2344] ===
2026-02-08 01:13:33,630 - FateEngine - INFO - === Tick [2345] ===
2026-02-08 01:13:33,681 - FateEngine - INFO - === Tick [2346] ===
2026-02-08 01:13:33,736 - FateEngine - INFO - === Tick [2347] ===
2026-02-08 01:13:33,787 - FateEngine - INFO - === Tick [2348] ===
2026-02-08 01:13:33,838 - FateEngine - INFO - === Tick [2349] ===
2026-02-08 01:13:33,889 - FateEngine - INFO - === Tick [2350] ===
2026-02-08 01:13:33,941 - FateEngine - INFO - === Tick [2351] ===
2026-02-08 01:13:33,993 - FateEngine - INFO - === Tick [2352] ===
2026-02-08 01:13:34,043 - FateEngine - INFO - === Tick [2353] ===
2026-02-08 01:13:34,094 - FateEngine - INFO - === Tick [2354] ===
2026-02-08 01:13:34,146 - FateEngine - INFO - === Tick [2355] ===
2026-02-08 01:13:34,197 - FateEngine - INFO - === Tick [2356] ===
2026-02-08 01:13:34,248 - FateEngine - INFO - === Tick [2357] ===
2026-02-08 01:13:34,299 - FateEngine - INFO - === Tick [2358] ===
2026-02-08 01:13:34,350 - FateEngine - INFO - === Tick [2359] ===
2026-02-08 01:13:34,400 - FateEngine - INFO - === Tick [2360] ===
2026-02-08 01:13:34,451 - FateEngine - INFO - === Tick [2361] ===
2026-02-08 01:13:34,502 - FateEngine - INFO - === Tick [2362] ===
2026-02-08 01:13:34,553 - FateEngine - INFO - === Tick [2363] ===
2026-02-08 01:13:34,604 - FateEngine - INFO - === Tick [2364] ===
2026-02-08 01:13:34,655 - FateEngine - INFO - === Tick [2365] ===
2026-02-08 01:13:34,706 - FateEngine - INFO - === Tick [2366] ===
2026-02-08 01:13:34,756 - FateEngine - INFO - === Tick [2367] ===
2026-02-08 01:13:34,807 - FateEngine - INFO - === Tick [2368] ===
2026-02-08 01:13:34,858 - FateEngine - INFO - === Tick [2369] ===
2026-02-08 01:13:34,909 - FateEngine - INFO - === Tick [2370] ===
2026-02-08 01:13:34,960 - FateEngine - INFO - === Tick [2371] ===
2026-02-08 01:13:35,012 - FateEngine - INFO - === Tick [2372] ===
2026-02-08 01:13:35,063 - FateEngine - INFO - === Tick [2373] ===
2026-02-08 01:13:35,114 - FateEngine - INFO - === Tick [2374] ===
2026-02-08 01:13:35,164 - FateEngine - INFO - === Tick [2375] ===
2026-02-08 01:13:35,215 - FateEngine - INFO - === Tick [2376] ===
2026-02-08 01:13:35,266 - FateEngine - INFO - === Tick [2377] ===
2026-02-08 01:13:35,317 - FateEngine - INFO - === Tick [2378] ===
2026-02-08 01:13:35,368 - FateEngine - INFO - === Tick [2379] ===
2026-02-08 01:13:35,419 - FateEngine - INFO - === Tick [2380] ===
2026-02-08 01:13:35,470 - FateEngine - INFO - === Tick [2381] ===
2026-02-08 01:13:35,521 - FateEngine - INFO - === Tick [2382] ===
2026-02-08 01:13:35,572 - FateEngine - INFO - === Tick [2383] ===
2026-02-08 01:13:35,623 - FateEngine - INFO - === Tick [2384] ===
2026-02-08 01:13:35,674 - FateEngine - INFO - === Tick [2385] ===
2026-02-08 01:13:35,725 - FateEngine - INFO - === Tick [2386] ===
2026-02-08 01:13:35,777 - FateEngine - INFO - === Tick [2387] ===
2026-02-08 01:13:35,828 - FateEngine - INFO - === Tick [2388] ===
2026-02-08 01:13:35,878 - FateEngine - INFO - === Tick [2389] ===
2026-02-08 01:13:35,929 - FateEngine - INFO - === Tick [2390] ===
2026-02-08 01:13:35,980 - FateEngine - INFO - === Tick [2391] ===
2026-02-08 01:13:36,031 - FateEngine - INFO - === Tick [2392] ===
2026-02-08 01:13:36,082 - FateEngine - INFO - === Tick [2393] ===
2026-02-08 01:13:36,133 - FateEngine - INFO - === Tick [2394] ===
2026-02-08 01:13:36,184 - FateEngine - INFO - === Tick [2395] ===
2026-02-08 01:13:36,235 - FateEngine - INFO - === Tick [2396] ===
2026-02-08 01:13:36,285 - FateEngine - INFO - === Tick [2397] ===
2026-02-08 01:13:36,336 - FateEngine - INFO - === Tick [2398] ===
2026-02-08 01:13:36,386 - FateEngine - INFO - === Tick [2399] ===
2026-02-08 01:13:36,438 - FateEngine - INFO - === Tick [2400] ===
2026-02-08 01:13:36,488 - FateEngine - INFO - === Tick [2401] ===
2026-02-08 01:13:36,538 - FateEngine - INFO - === Tick [2402] ===
2026-02-08 01:13:36,589 - FateEngine - INFO - === Tick [2403] ===
2026-02-08 01:13:36,640 - FateEngine - INFO - === Tick [2404] ===
2026-02-08 01:13:36,691 - FateEngine - INFO - === Tick [2405] ===
2026-02-08 01:13:36,742 - FateEngine - INFO - === Tick [2406] ===
2026-02-08 01:13:36,793 - FateEngine - INFO - === Tick [2407] ===
2026-02-08 01:13:36,843 - FateEngine - INFO - === Tick [2408] ===
2026-02-08 01:13:36,894 - FateEngine - INFO - === Tick [2409] ===
2026-02-08 01:13:36,945 - FateEngine - INFO - === Tick [2410] ===
2026-02-08 01:13:36,995 - FateEngine - INFO - === Tick [2411] ===
2026-02-08 01:13:37,046 - FateEngine - INFO - === Tick [2412] ===
2026-02-08 01:13:37,096 - FateEngine - INFO - === Tick [2413] ===
2026-02-08 01:13:37,148 - FateEngine - INFO - === Tick [2414] ===
2026-02-08 01:13:37,199 - FateEngine - INFO - === Tick [2415] ===
2026-02-08 01:13:37,250 - FateEngine - INFO - === Tick [2416] ===
2026-02-08 01:13:37,309 - FateEngine - INFO - === Tick [2417] ===
2026-02-08 01:13:37,359 - FateEngine - INFO - === Tick [2418] ===
2026-02-08 01:13:37,410 - FateEngine - INFO - === Tick [2419] ===
2026-02-08 01:13:37,461 - FateEngine - INFO - === Tick [2420] ===
2026-02-08 01:13:37,513 - FateEngine - INFO - === Tick [2421] ===
2026-02-08 01:13:37,563 - FateEngine - INFO - === Tick [2422] ===
2026-02-08 01:13:37,615 - FateEngine - INFO - === Tick [2423] ===
2026-02-08 01:13:37,665 - FateEngine - INFO - === Tick [2424] ===
2026-02-08 01:13:37,716 - FateEngine - INFO - === Tick [2425] ===
2026-02-08 01:13:37,766 - FateEngine - INFO - === Tick [2426] ===
2026-02-08 01:13:37,818 - FateEngine - INFO - === Tick [2427] ===
2026-02-08 01:13:37,869 - FateEngine - INFO - === Tick [2428] ===
2026-02-08 01:13:37,920 - FateEngine - INFO - === Tick [2429] ===
2026-02-08 01:13:37,970 - FateEngine - INFO - === Tick [2430] ===
2026-02-08 01:13:38,021 - FateEngine - INFO - === Tick [2431] ===
2026-02-08 01:13:38,072 - FateEngine - INFO - === Tick [2432] ===
2026-02-08 01:13:38,122 - FateEngine - INFO - === Tick [2433] ===
2026-02-08 01:13:38,173 - FateEngine - INFO - === Tick [2434] ===
2026-02-08 01:13:38,225 - FateEngine - INFO - === Tick [2435] ===
2026-02-08 01:13:38,276 - FateEngine - INFO - === Tick [2436] ===
2026-02-08 01:13:38,327 - FateEngine - INFO - === Tick [2437] ===
2026-02-08 01:13:38,378 - FateEngine - INFO - === Tick [2438] ===
2026-02-08 01:13:38,429 - FateEngine - INFO - === Tick [2439] ===
2026-02-08 01:13:38,480 - FateEngine - INFO - === Tick [2440] ===
2026-02-08 01:13:38,532 - FateEngine - INFO - === Tick [2441] ===
2026-02-08 01:13:38,583 - FateEngine - INFO - === Tick [2442] ===
2026-02-08 01:13:38,634 - FateEngine - INFO - === Tick [2443] ===
2026-02-08 01:13:38,685 - FateEngine - INFO - === Tick [2444] ===
2026-02-08 01:13:38,736 - FateEngine - INFO - === Tick [2445] ===
2026-02-08 01:13:38,787 - FateEngine - INFO - === Tick [2446] ===
2026-02-08 01:13:38,838 - FateEngine - INFO - === Tick [2447] ===
2026-02-08 01:13:38,888 - FateEngine - INFO - === Tick [2448] ===
2026-02-08 01:13:38,939 - FateEngine - INFO - === Tick [2449] ===
2026-02-08 01:13:38,989 - FateEngine - INFO - === Tick [2450] ===
2026-02-08 01:13:39,040 - FateEngine - INFO - === Tick [2451] ===
2026-02-08 01:13:39,091 - FateEngine - INFO - === Tick [2452] ===
2026-02-08 01:13:39,141 - FateEngine - INFO - === Tick [2453] ===
2026-02-08 01:13:39,192 - FateEngine - INFO - === Tick [2454] ===
2026-02-08 01:13:39,243 - FateEngine - INFO - === Tick [2455] ===
2026-02-08 01:13:39,293 - FateEngine - INFO - === Tick [2456] ===
2026-02-08 01:13:39,344 - FateEngine - INFO - === Tick [2457] ===
2026-02-08 01:13:39,394 - FateEngine - INFO - === Tick [2458] ===
2026-02-08 01:13:39,445 - FateEngine - INFO - === Tick [2459] ===
2026-02-08 01:13:39,496 - FateEngine - INFO - === Tick [2460] ===
2026-02-08 01:13:39,546 - FateEngine - INFO - === Tick [2461] ===
2026-02-08 01:13:39,597 - FateEngine - INFO - === Tick [2462] ===
2026-02-08 01:13:39,648 - FateEngine - INFO - === Tick [2463] ===
2026-02-08 01:13:39,699 - FateEngine - INFO - === Tick [2464] ===
2026-02-08 01:13:39,750 - FateEngine - INFO - === Tick [2465] ===
2026-02-08 01:13:39,801 - FateEngine - INFO - === Tick [2466] ===
2026-02-08 01:13:39,852 - FateEngine - INFO - === Tick [2467] ===
2026-02-08 01:13:39,903 - FateEngine - INFO - === Tick [2468] ===
2026-02-08 01:13:39,954 - FateEngine - INFO - === Tick [2469] ===
2026-02-08 01:13:40,005 - FateEngine - INFO - === Tick [2470] ===
2026-02-08 01:13:40,056 - FateEngine - INFO - === Tick [2471] ===
2026-02-08 01:13:40,107 - FateEngine - INFO - === Tick [2472] ===
2026-02-08 01:13:40,158 - FateEngine - INFO - === Tick [2473] ===
2026-02-08 01:13:40,209 - FateEngine - INFO - === Tick [2474] ===
2026-02-08 01:13:40,260 - FateEngine - INFO - === Tick [2475] ===
2026-02-08 01:13:40,311 - FateEngine - INFO - === Tick [2476] ===
2026-02-08 01:13:40,333 - AngryManScenario - INFO - Shutting down scenario.
2026-02-08 01:13:40,333 - FateEngine - INFO - Fate Engine stopped at tick 2477
2026-02-08 01:13:40,837 - gRPC.Server - INFO - gRPC Server stopped
